// Jest Snapshot v1, https://goo.gl/fbAQLP

exports[`Button renders correctly 1`] = `
<button
  className="css-tohj85"
>
  Hello World
</button>
`;
