// Jest Snapshot v1, https://goo.gl/fbAQLP

exports[`renders correctly 1`] = `
<button
  className="css-1m7lfg2"
>
  Hello World
</button>
`;
